MPLINK 5.08, LINKER
Linker Map File - Created Tue Apr 26 12:12:41 2016

                                 Section Info
                  Section       Type    Address   Location Size(Bytes)
                ---------  ---------  ---------  ---------  ---------
                   .org_0       code   0x000000    program   0x000078
                   .cinit    romdata   0x00003c    program   0x000004
.config_2007_BUILD/DEFAULT/PRODUCTION/MAIN.O       code   0x002007    program   0x000002



                              Program Memory Usage 
                               Start         End      
                           ---------   ---------      
                            0x000000    0x00003d      
                            0x002007    0x002007      
            63 out of 8454 program addresses used, program memory utilization is 0%



                              Symbols - Sorted by Name
                     Name    Address   Location    Storage File                     
                ---------  ---------  ---------  --------- ---------                
                  TransWt   0x00001a    program     static /Users/adesis/MPLABXProjects/Serial.X/main.asm
                   WtHere   0x00001b    program     static /Users/adesis/MPLABXProjects/Serial.X/main.asm
                     loop   0x000017    program     static /Users/adesis/MPLABXProjects/Serial.X/main.asm
                  message   0x00001f    program     static /Users/adesis/MPLABXProjects/Serial.X/main.asm
                     send   0x000019    program     static /Users/adesis/MPLABXProjects/Serial.X/main.asm
                   settle   0x000011    program     static /Users/adesis/MPLABXProjects/Serial.X/main.asm



                              Symbols - Sorted by Address
                     Name    Address   Location    Storage File                     
                ---------  ---------  ---------  --------- ---------                
                   settle   0x000011    program     static /Users/adesis/MPLABXProjects/Serial.X/main.asm
                     loop   0x000017    program     static /Users/adesis/MPLABXProjects/Serial.X/main.asm
                     send   0x000019    program     static /Users/adesis/MPLABXProjects/Serial.X/main.asm
                  TransWt   0x00001a    program     static /Users/adesis/MPLABXProjects/Serial.X/main.asm
                   WtHere   0x00001b    program     static /Users/adesis/MPLABXProjects/Serial.X/main.asm
                  message   0x00001f    program     static /Users/adesis/MPLABXProjects/Serial.X/main.asm


